// Jest Snapshot v1, https://goo.gl/fbAQLP

exports[`#Day should render correctly 1`] = `
<Day
  date={2017-10-27T22:00:00.000Z}
  format={
    Object {
      "day": "numeric",
      "month": "numeric",
      "year": "numeric",
    }
  }
  locale="en"
  translate={[Function]}
/>
`;
