// Jest Snapshot v1, https://goo.gl/fbAQLP

exports[`#Time should render correctly 1`] = `"10:30 AM"`;
