// Jest Snapshot v1, https://goo.gl/fbAQLP

exports[`#Text render 1`] = `
<span>
  asd
</span>
`;
