// Jest Snapshot v1, https://goo.gl/fbAQLP

exports[`#Root should render correctly 1`] = `
<Root__Div
  theme={
    Object {
      "colorPrimary": "deepskyblue",
    }
  }
>
  <WithIntl(Text)
    t="Do you even lift?"
  />
</Root__Div>
`;
