// Jest Snapshot v1, https://goo.gl/fbAQLP

exports[`#Text render 1`] = `
<ContextConsumer>
  <Component />
</ContextConsumer>
`;

exports[`#Text render as span 1`] = `
<ContextConsumer>
  <Component />
</ContextConsumer>
`;
